---
namespace: Compile
expectation: Pass
outputs:
  - - compile:
        - initial_symbol_table: 563a8367c9e56df179025521f1763a5b1e54286e606a80fbaac7538df0cb1628
          type_checked_symbol_table: 3bbb6e3a5f9cc65db742e2135ccfa1a8dfce80f7571cd13fd2e02e9cbf4c3a87
          unrolled_symbol_table: 3bbb6e3a5f9cc65db742e2135ccfa1a8dfce80f7571cd13fd2e02e9cbf4c3a87
          initial_ast: d22023292a932c574e079af02a3fe01dbef4d23182af231295a5ac416624f327
          unrolled_ast: d22023292a932c574e079af02a3fe01dbef4d23182af231295a5ac416624f327
          ssa_ast: d22023292a932c574e079af02a3fe01dbef4d23182af231295a5ac416624f327
          flattened_ast: cadf6d4969374f8f9d7d2d6df84f1527f3006a50c7ffc4a24ec462c20c91f919
          destructured_ast: f20ab6f576c360e3014bbdb74522b858cfe1c502418c1c740897fea39d536371
          inlined_ast: f20ab6f576c360e3014bbdb74522b858cfe1c502418c1c740897fea39d536371
          dce_ast: f20ab6f576c360e3014bbdb74522b858cfe1c502418c1c740897fea39d536371
          bytecode: bbabb76319d2c69ed28a19090796ad7f974be74a1ef138d0cc58507cc4787632
          errors: ""
          warnings: ""
