---
namespace: Compile
expectation: Pass
outputs:
  - - compile:
        - initial_symbol_table: 980d6579050b9b2cbe09a6e463ac8ec362ef3efb46f5466c135e5bdcc615a6b2
          type_checked_symbol_table: 184009b1beca74325203f1581260aa9093f164c13390d1f34d181789ab038836
          unrolled_symbol_table: 184009b1beca74325203f1581260aa9093f164c13390d1f34d181789ab038836
          initial_ast: 46b97966bd59f7f2ef2a8e9db3276ecccfb56cae533e223e8664aa40b7cd976f
          unrolled_ast: 46b97966bd59f7f2ef2a8e9db3276ecccfb56cae533e223e8664aa40b7cd976f
          ssa_ast: dc2456142b747ad537b8c8f4f454d902a63be4fd33ea0e3995b32d3e27696b6f
          flattened_ast: 095a0ebb0a930b30166018e731f93f65c4128679ada974b881fd3fb80edf121c
          destructured_ast: 29b85d96f313c94b2d2864511b7317c04095dccc1d9c481d28093368c72096e2
          inlined_ast: 29b85d96f313c94b2d2864511b7317c04095dccc1d9c481d28093368c72096e2
          dce_ast: 29b85d96f313c94b2d2864511b7317c04095dccc1d9c481d28093368c72096e2
          bytecode: 66a857f6a5e79328d146c55f5e42c6eb249b7c6c9cc1c6e0c534328b85e649eb
          errors: ""
          warnings: ""
