---
namespace: Compile
expectation: Pass
outputs:
  - - compile:
        - initial_symbol_table: 6cf48437edcf63323da5eb034acf28b675cb5d498b90c6b6813c36ada2faf49d
          type_checked_symbol_table: 021dc0e9060e127c9baad256547ec6614a642254d8c49972cb6eeed166ea2cf5
          unrolled_symbol_table: f0287ad63cc1d887c17928681b29fcf5c85fe377f0ddd2951048e11d6fe8a7bf
          initial_ast: 3c93df9e002456e3280997e691a26070059d00b3360aedfa21eadbf6ac874d55
          unrolled_ast: c7e2d16c2f3925ca9c070c3c5e732afa2da488bec9913c2c1d60253fb3864e58
          ssa_ast: 86d0e28c9fb58f62f297380f63bb1d82dbd31dea4b3bacaf2b78def816cc40f7
          flattened_ast: b0641041e7a396617bef2977459d151e2d6a300128ee8ddd369fcd6625839e2f
          destructured_ast: 461f5b8b8a43846985ed0d7222683bcd65a9edaf22514c52153cd993c54b2fc5
          inlined_ast: 461f5b8b8a43846985ed0d7222683bcd65a9edaf22514c52153cd993c54b2fc5
          dce_ast: 461f5b8b8a43846985ed0d7222683bcd65a9edaf22514c52153cd993c54b2fc5
          bytecode: 34335e40c3ca26e00044d055cc0cb8d262fce1ac49a4940b36b1136e0772d305
          errors: ""
          warnings: ""
