---
namespace: Compile
expectation: Pass
outputs:
  - - compile:
        - initial_symbol_table: cfece65806bf2780fbc9e6705f429c08218c078aa57221b284d13a751f1b1429
          type_checked_symbol_table: 4d79c8d31bcc78e42020af9f67734b07fb0ef13f8af36b770b3ae134448d96f9
          unrolled_symbol_table: 81fa60cf5bcc344000ff219dbf0252c4d25afc7705c1dcfb80a99ce8afdf070e
          initial_ast: 579697d492aea0987211cee47e9c9f2071010c3231a95a51d7f74c553fee7f10
          unrolled_ast: b6dd96e88085733fd3ac7edee137e379c158c987570e453f68acbb71465ca781
          ssa_ast: 69fe5fe4fa856413a0e16e9c28dd3f280d90a0ed936324f4ebeea49f4acc90ee
          flattened_ast: b8373a67cec47aaa29dcae943ccd792ecad4d44685a0014974d0d693b8cc292a
          destructured_ast: 866a655f2e4ee44c5b59fb0992a180ffb58c915f69bd38bc3e85de53e92a43d4
          inlined_ast: 1ac1f8e17906032a4bc475919c5cfe874ba71ee3c6f40587406f7ad03e1f87f3
          dce_ast: 1ac1f8e17906032a4bc475919c5cfe874ba71ee3c6f40587406f7ad03e1f87f3
          bytecode: 799c84f9a28bcdd1cb72269b56baae0905a136fc2d041745fb7ae52c9958b24e
          errors: ""
          warnings: ""
