---
namespace: Compile
expectation: Pass
outputs:
  - - compile:
        - initial_symbol_table: 3ab1aeab0596ee7c4496d7222977da942ab9555685138d4289799221f16a3d19
          type_checked_symbol_table: f3b78a355c42b87f6215bc53c8e9b4a8b09ce6a54b09e2c8fb1e599107639efe
          unrolled_symbol_table: f3b78a355c42b87f6215bc53c8e9b4a8b09ce6a54b09e2c8fb1e599107639efe
          initial_ast: 21db026676b02baa0d131a215daa74249bb578f1768855ffce41b09458340033
          unrolled_ast: 21db026676b02baa0d131a215daa74249bb578f1768855ffce41b09458340033
          ssa_ast: 7b3a647dfdd6ef643d5710df4ead3b98d93025b1f0264382bfff2c24e55d1cb8
          flattened_ast: 193844518c7bfd7e01d698a52bdbcf70c82a1937ee507adf4d00f390f84df91d
          destructured_ast: 9be589c8b8617ea2c31b32e8250e14faaae9009aa0361f54b0d3a96891fffe35
          inlined_ast: 9be589c8b8617ea2c31b32e8250e14faaae9009aa0361f54b0d3a96891fffe35
          dce_ast: 9be589c8b8617ea2c31b32e8250e14faaae9009aa0361f54b0d3a96891fffe35
          bytecode: ec9d10d78356538cf9f94bc46c20c33001a05100906259e217eeea2cfd0c4a66
          errors: ""
          warnings: ""
