---
namespace: Compile
expectation: Pass
outputs:
  - - compile:
        - initial_symbol_table: c8edc36fc2e4a3c995d9e58d5f35a196e956173e6383ce13104f872c59981994
          type_checked_symbol_table: 8c0ae859831ed0dfac15af5d196c9da7a0900bceaf0f8404a223a7458fafff25
          unrolled_symbol_table: 8c0ae859831ed0dfac15af5d196c9da7a0900bceaf0f8404a223a7458fafff25
          initial_ast: 2b4311f224203d0a83a9e7821524e46bef0eaacd87717329fe86696cad6f2a61
          unrolled_ast: 2b4311f224203d0a83a9e7821524e46bef0eaacd87717329fe86696cad6f2a61
          ssa_ast: b46417bdbf9c7dfd30150e16923bb7e5f1e5699489867c606be254917abbc90d
          flattened_ast: f0b5e38b1d67cacf61841efb72898b80adc6539916f6ac422ce081ef68c982a3
          destructured_ast: a889ad3b5a7b176755be2efe3b31fe968185bc67326725731912c3b3b29f44e5
          inlined_ast: a889ad3b5a7b176755be2efe3b31fe968185bc67326725731912c3b3b29f44e5
          dce_ast: a889ad3b5a7b176755be2efe3b31fe968185bc67326725731912c3b3b29f44e5
          bytecode: 379643d6f93f6040c0bb64ea96345269a23d6fb23fa3eae46ceb8e9ea9c73f9a
          errors: ""
          warnings: ""
