---
namespace: Compile
expectation: Pass
outputs:
  - - compile:
        - initial_symbol_table: 9b939b79475175ff408ff103acd8cefdf0745120e5bab1ba9c14ba60ced1f3bc
          type_checked_symbol_table: a511f2fba6b40018212b8caa5295078143616930e39d2206be7757210c680434
          unrolled_symbol_table: a511f2fba6b40018212b8caa5295078143616930e39d2206be7757210c680434
          initial_ast: 4fd9a923fcf8c5a2f2d02c9b831bd039180254769e92a3ae03da2216775f7e63
          unrolled_ast: 9329eff974f22dc5fbea357bc1336d823ad12d87851e61d509f9a22b3941ddd6
          ssa_ast: 217effef6281efd10a94925fbe5237172eac4d96433885e491588f2f1a46e55a
          flattened_ast: 39efd06c99e424ad701195c858045a8d5f2053704f8c1f6d1b2bf063dd5a8b6e
          destructured_ast: 4bdfb095faa307bb502cbc6cf7e73be0b3a7c57dd646818e37b9e2287fdc5619
          inlined_ast: 4bdfb095faa307bb502cbc6cf7e73be0b3a7c57dd646818e37b9e2287fdc5619
          dce_ast: 4bdfb095faa307bb502cbc6cf7e73be0b3a7c57dd646818e37b9e2287fdc5619
          bytecode: 0c73fbf3a08f7b89b82fc3189771704f58740f37c41f9c5aa7aef2a808badf9b
          errors: ""
          warnings: ""
