---
namespace: Compile
expectation: Pass
outputs:
  - - compile:
        - initial_symbol_table: 8056b35783acf2c87e697ecad6f785cfb033840168e168a0ffcd104627d7afda
          type_checked_symbol_table: a763bd3a3e15cc9e0a260ecd9b768715ecb34663a2c0701c3d3d5af018822f0d
          unrolled_symbol_table: a763bd3a3e15cc9e0a260ecd9b768715ecb34663a2c0701c3d3d5af018822f0d
          initial_ast: b6e69083825f6830b9bb8a584ea96a715bfce9591ab466b224c48b138ebfc2f1
          unrolled_ast: b6e69083825f6830b9bb8a584ea96a715bfce9591ab466b224c48b138ebfc2f1
          ssa_ast: 191493c157b000f1d2fe4325ed902f14a83ef08168e131929ff6efabb98c5d38
          flattened_ast: b46399669061566ddeee7a36d2ce842d7a6fb9ecd51d57a34f8e2c29cc22623b
          destructured_ast: 4f4ebc8a60b32eb23f13ed7e78679f94480bca8c8ace0c56f487e66f9bf0fe03
          inlined_ast: 4f4ebc8a60b32eb23f13ed7e78679f94480bca8c8ace0c56f487e66f9bf0fe03
          dce_ast: 4f4ebc8a60b32eb23f13ed7e78679f94480bca8c8ace0c56f487e66f9bf0fe03
          bytecode: c44dd5a8d2158e3729310c6e423739cde6f4f8261609820886f26aa09afe707b
          errors: ""
          warnings: ""
        - initial_symbol_table: f15aabefe1073f68904582dd75909123fb99fea94609b8a37adf1e1bbe6f215e
          type_checked_symbol_table: 099c1a0247ce6a6ddeb019c28fd84587e295db6f81c14b67c7e75a619f5d1307
          unrolled_symbol_table: 099c1a0247ce6a6ddeb019c28fd84587e295db6f81c14b67c7e75a619f5d1307
          initial_ast: 08b601b7a0688a2d20a8811a61e8667cb7b3ef2f2da9f8b7c1337de5399b82b7
          unrolled_ast: bbdd48c020c95460f993557345841e67402b73d0e26417ed41ff911c9030ee64
          ssa_ast: b2fc01fbec80689a201f92f620ae397994e63005573b1482126cc027bc8d8453
          flattened_ast: 582a07b919452259f6041c4f263e1dc0a62ed8614b255b0e6550d832c843ead0
          destructured_ast: 51fadd96451c7991ea2799405a4e4bdaf3677087d297dd85b2da7261d283a455
          inlined_ast: 51fadd96451c7991ea2799405a4e4bdaf3677087d297dd85b2da7261d283a455
          dce_ast: 51fadd96451c7991ea2799405a4e4bdaf3677087d297dd85b2da7261d283a455
          bytecode: 1260b31fff8f93549822bd3a3bba846b38ca6dd13eacaf908842384748b4ea4c
          errors: ""
          warnings: ""
