---
namespace: Execute
expectation: Pass
outputs:
  - - compile:
        - initial_symbol_table: b6662d419ec13269e2ebf140b40ee707b32f713df10fc3369e41055735c248a7
          type_checked_symbol_table: e99f7553ff26987506b3e458758a1509b4953b13efecf3f3a908e2c1f9b870f7
          unrolled_symbol_table: e99f7553ff26987506b3e458758a1509b4953b13efecf3f3a908e2c1f9b870f7
          initial_ast: 1d2d0a6b451ada7091b7179f0326bcfcc805ac80d8396be54a97d5b1b3ae99bc
          unrolled_ast: 1d2d0a6b451ada7091b7179f0326bcfcc805ac80d8396be54a97d5b1b3ae99bc
          ssa_ast: 41bec5b5a892842f78160a1e6944a7ae58182987bd630895b1848a7d6b811219
          flattened_ast: a1e7873af91962d4e702e896043817142d2a030ad4e9a072c31b5503ecd557b6
          destructured_ast: 2c145c6ac9114062b225d1949442cbd147c6f264b61bc4454b46359840baa4c5
          inlined_ast: 2c145c6ac9114062b225d1949442cbd147c6f264b61bc4454b46359840baa4c5
          dce_ast: 2c145c6ac9114062b225d1949442cbd147c6f264b61bc4454b46359840baa4c5
          bytecode: 56b9658985c66ccadb9f1193ce728164bf8a64605f1ebf23bca2489366856408
          errors: ""
          warnings: ""
        - initial_symbol_table: e603c91a725111bc81445ebf4a2dab7534367200edd9c447a60220334ad766ca
          type_checked_symbol_table: 1a64e4d10456a782d7afacbac191c84440f32ee228ca87e60f96c6e705ec4f67
          unrolled_symbol_table: 1a64e4d10456a782d7afacbac191c84440f32ee228ca87e60f96c6e705ec4f67
          initial_ast: 6b344a6590d2ca4f06753a518b547ba428865c07dc32133d71421dac708c760e
          unrolled_ast: 6b344a6590d2ca4f06753a518b547ba428865c07dc32133d71421dac708c760e
          ssa_ast: 9da15e57a114500c297bc1bc32ee3bb2b4c14b47faa4ddc1c88e20d1894a63e5
          flattened_ast: 4d6011c2b7f137f6dedf4d35203446b6564748c27db705e9e472233645748ac8
          destructured_ast: f3168c9e823a3b61f92d37be4ede55747c6b9042730403a3348c8f6f51dcabca
          inlined_ast: f3168c9e823a3b61f92d37be4ede55747c6b9042730403a3348c8f6f51dcabca
          dce_ast: f3168c9e823a3b61f92d37be4ede55747c6b9042730403a3348c8f6f51dcabca
          bytecode: 2a3a8d08d08cb50221d366a70bb52bc132b8e46552dacf23efa66b85e306affc
          errors: ""
          warnings: ""
        - initial_symbol_table: 75c743e7fdb3601e43e0b98d050f45c132730fb680628209e2ce8f0d9377e7d0
          type_checked_symbol_table: 6569f5d33eb18aaea86f506a537fd904555cf70307c7dd8c052028b36467a353
          unrolled_symbol_table: 6569f5d33eb18aaea86f506a537fd904555cf70307c7dd8c052028b36467a353
          initial_ast: f149292694c9429ece1d09db5bcb836eb421d70aaab7bcdb98e4bac6c68ef508
          unrolled_ast: 2529425cc78afd160751160b99090545a0cd56273088698217045793a554b146
          ssa_ast: f7ab9967658759127bc1f9456327c6163c41243f344bc2b307135a40fbb8e856
          flattened_ast: bb34b4858f7886132b8e9b230f342af728c38679279fe36f6f629b32dc5f3a14
          destructured_ast: 5e02ade7b0a42d479d64368066768b34c853876279805c2ad51bb9a64c2f37e9
          inlined_ast: 5e02ade7b0a42d479d64368066768b34c853876279805c2ad51bb9a64c2f37e9
          dce_ast: 5e02ade7b0a42d479d64368066768b34c853876279805c2ad51bb9a64c2f37e9
          bytecode: 115508df86f6c7e48dae71a5a27aed36bade699723aef76ac71e64316e995c03
          errors: ""
          warnings: ""
        - initial_symbol_table: 2d569037a033faaa2e11d944c1bdef54cad4a7bb7cd1d60c2234b8f4b8aaa57f
          type_checked_symbol_table: ae4406258880c22171554926318ae77788ceb92aa89221f51897e51ee7ec3294
          unrolled_symbol_table: ae4406258880c22171554926318ae77788ceb92aa89221f51897e51ee7ec3294
          initial_ast: cdfbec7a117dd626b930b66db6ddc0e0e90064c86601084e76c401514d7c3885
          unrolled_ast: 01376813f128de7dcd29f2bf10ff0e9ee773bab891dc135b0396544487a6243e
          ssa_ast: 63927909d1e737cf05b4d60402d91e7de869ceb442ee6be261fab76704382853
          flattened_ast: 5c4d567f38067834a9acc7343b06dd362c74ce9d261822e55d20fb3df1693a7a
          destructured_ast: 1c5e02f8641505b6cccc271c7516837c25ef41cf9a46fd91a49a5ce23deb384d
          inlined_ast: 1c5e02f8641505b6cccc271c7516837c25ef41cf9a46fd91a49a5ce23deb384d
          dce_ast: 1c5e02f8641505b6cccc271c7516837c25ef41cf9a46fd91a49a5ce23deb384d
          bytecode: 52f79fd1e434cc22a2984e367922be363de60fb3bcdc7f2792c2ff44beaa3025
          errors: ""
          warnings: ""
        - initial_symbol_table: e1feabe6eaa61ab7ed055203ee4478087879c325f46e02f4fea6a664913f26b9
          type_checked_symbol_table: c2aa3fef6d56c2a3c3693095029601dcec6765eed15916088bafef425af533c2
          unrolled_symbol_table: c2aa3fef6d56c2a3c3693095029601dcec6765eed15916088bafef425af533c2
          initial_ast: f4362a002f5c31e52b226cd9a32f714e1a6b57253dcc330baeb6daceb8fd61a7
          unrolled_ast: 932721c4c08e822f7cecd9170bdc0392ea04bbc208345d7fe68613175ffe3142
          ssa_ast: 76e03b3cac35e3d10e3a73e99ffac3daaa1971e2241101e91d8ac3f6a22eba90
          flattened_ast: d0308a3a9c715bf3dee75f764bf998573e42660756e009639e08b91804cdad87
          destructured_ast: 437be27186a559bb96f78e6b2d5e3c380cd0bcddbdfa2cf6ffe30b56e65e2614
          inlined_ast: 437be27186a559bb96f78e6b2d5e3c380cd0bcddbdfa2cf6ffe30b56e65e2614
          dce_ast: 437be27186a559bb96f78e6b2d5e3c380cd0bcddbdfa2cf6ffe30b56e65e2614
          bytecode: a4f1358380ab021bfa21fc627b0dac45b4065098f6b688fca09daa3906e7c768
          errors: ""
          warnings: ""
      execute:
        - execution:
            transitions:
              - id: au10s468x4l8zfm2rgqgf0pplt63snwf2f4pxfq79m7zd40szcs5vyshv9rh5
                program: zero_program.aleo
                function: c
                inputs: []
                outputs:
                  - type: future
                    id: 5727751809091239295698762180844546705558536277426800115057478380554410341505field
                    value: "{\n  program_id: zero_program.aleo,\n  function_name: c,\n  arguments: [\n    aleo1ny7v7px977qdles2yl5kg8p53rjq40c2sgpazsylxx7a9g7gsuxqxeg04h\n  ]\n}"
                tpk: 2601574507974407578741842756175384839734909153377235777843869700274742552965group
                tcm: 2337480344092751921341516970536917603878051977804935586716357864339838529848field
              - id: au1au6nv6t8yv0ewqm6c9tphmnpmwa93glumv0we672xm6n6820059shu44dg
                program: one_program.aleo
                function: d
                inputs: []
                outputs:
                  - type: future
                    id: 7520054088493193170128136187993248409896188667650797213908547959611465874396field
                    value: "{\n  program_id: one_program.aleo,\n  function_name: d,\n  arguments: [\n    aleo1ny7v7px977qdles2yl5kg8p53rjq40c2sgpazsylxx7a9g7gsuxqxeg04h\n  ]\n}"
                tpk: 1797868119051976173019582706434091375040264179578496726200506401648280265697group
                tcm: 1324430386868348505006427102701793492158635779183239394204700872429564038553field
              - id: au12hc8yzuljnh92fs8dqtpq2zfcjp9a2wnsdhsn52xzsf2xsr7w5zstwnv5k
                program: two_program.aleo
                function: b
                inputs: []
                outputs:
                  - type: future
                    id: 8112068459659893867511225279207530709288103092705871751197731850181516658447field
                    value: "{\n  program_id: two_program.aleo,\n  function_name: b,\n  arguments: [\n    {\n      program_id: zero_program.aleo,\n      function_name: c,\n      arguments: [\n        aleo1ny7v7px977qdles2yl5kg8p53rjq40c2sgpazsylxx7a9g7gsuxqxeg04h\n      ]\n    },\n    {\n      program_id: one_program.aleo,\n      function_name: d,\n      arguments: [\n        aleo1ny7v7px977qdles2yl5kg8p53rjq40c2sgpazsylxx7a9g7gsuxqxeg04h\n      ]\n    },\n    aleo1ny7v7px977qdles2yl5kg8p53rjq40c2sgpazsylxx7a9g7gsuxqxeg04h\n  ]\n}"
                tpk: 3914303233520858625916164452490526329748701124192220070123801608458408274247group
                tcm: 2331164999576127615651864432968314909268492299286855063962602568068582517307field
              - id: au18jtzpltvp4ep42fnzzs60t4djkmcmqljttdfqajvpn4cast04urqm2u3sh
                program: zero_program.aleo
                function: c
                inputs: []
                outputs:
                  - type: future
                    id: 7836948510880841966820035600252289409994308638020042325960184398811177516296field
                    value: "{\n  program_id: zero_program.aleo,\n  function_name: c,\n  arguments: [\n    aleo1ny7v7px977qdles2yl5kg8p53rjq40c2sgpazsylxx7a9g7gsuxqxeg04h\n  ]\n}"
                tpk: 5584940612394949466279602636118427121778873669471757762833352228550274981169group
                tcm: 2658778613761454950969673228639676833894864338626797489080527609569460605376field
              - id: au13u5t97u3g4uwm9vj8a2s04hq89hhwyp0xf9nkad4ndumc5ya6qyqaajjxz
                program: one_program.aleo
                function: d
                inputs: []
                outputs:
                  - type: future
                    id: 319054911274751191079621896518228434370393326531090528422785056196083443248field
                    value: "{\n  program_id: one_program.aleo,\n  function_name: d,\n  arguments: [\n    aleo1ny7v7px977qdles2yl5kg8p53rjq40c2sgpazsylxx7a9g7gsuxqxeg04h\n  ]\n}"
                tpk: 1760505210254157271123763370876292792338843981766173450333030771358549310877group
                tcm: 4586661766992688032719901462566041224020842845767770503881614726436228364273field
              - id: au1hrhcwe0lypakumvfn7a9nuq4pgztp0v5wupjhywf96z6uaee2sgqy5slxs
                program: two_program.aleo
                function: b
                inputs: []
                outputs:
                  - type: future
                    id: 1892309308647768706360551499323306902961506409200969145209629685349985982893field
                    value: "{\n  program_id: two_program.aleo,\n  function_name: b,\n  arguments: [\n    {\n      program_id: zero_program.aleo,\n      function_name: c,\n      arguments: [\n        aleo1ny7v7px977qdles2yl5kg8p53rjq40c2sgpazsylxx7a9g7gsuxqxeg04h\n      ]\n    },\n    {\n      program_id: one_program.aleo,\n      function_name: d,\n      arguments: [\n        aleo1ny7v7px977qdles2yl5kg8p53rjq40c2sgpazsylxx7a9g7gsuxqxeg04h\n      ]\n    },\n    aleo1ny7v7px977qdles2yl5kg8p53rjq40c2sgpazsylxx7a9g7gsuxqxeg04h\n  ]\n}"
                tpk: 6527578010293340749793092777535305226224280826909908885756368182132996141544group
                tcm: 4550780856579118705865720609069810432705402620646710816364502488083098463966field
              - id: au1s5k2y6rgtherg8epg8qayqxlujqyvusvf5syudwwpger4z9ffgyqxujvce
                program: one_program.aleo
                function: d
                inputs: []
                outputs:
                  - type: future
                    id: 944815521851833714544630631744623304784899879607511495375825807472688813960field
                    value: "{\n  program_id: one_program.aleo,\n  function_name: d,\n  arguments: [\n    aleo1ny7v7px977qdles2yl5kg8p53rjq40c2sgpazsylxx7a9g7gsuxqxeg04h\n  ]\n}"
                tpk: 6845108806796145801399200820238113765979418684223837901218612232817950305640group
                tcm: 6808179967915766376053039068638613418706249887683571453646915411247321525918field
              - id: au1p36ma7spq250eaf4t0q2ncqqvudpksqxzv3aythm8cmucu68vcrqtwmjpy
                program: zero_program.aleo
                function: c
                inputs: []
                outputs:
                  - type: future
                    id: 4501914708171149252115537006351083649644749623617183130402596039635111387103field
                    value: "{\n  program_id: zero_program.aleo,\n  function_name: c,\n  arguments: [\n    aleo1ny7v7px977qdles2yl5kg8p53rjq40c2sgpazsylxx7a9g7gsuxqxeg04h\n  ]\n}"
                tpk: 5582389566492696417766130998461330450931355849138111278862510530053569380536group
                tcm: 2843639264964306110536572653078265444088757468878870280831471206900261133148field
              - id: au1qvqa06l6tc2gypannpv0llaslg3a6uy6nwrvz30txmcx7gz7zqpsz8rj3z
                program: three_program.aleo
                function: e
                inputs: []
                outputs:
                  - type: future
                    id: 226626645941974065793377764705564870616887583378751729640233282621558732302field
                    value: "{\n  program_id: three_program.aleo,\n  function_name: e,\n  arguments: [\n    {\n      program_id: two_program.aleo,\n      function_name: b,\n      arguments: [\n        {\n          program_id: zero_program.aleo,\n          function_name: c,\n          arguments: [\n            aleo1ny7v7px977qdles2yl5kg8p53rjq40c2sgpazsylxx7a9g7gsuxqxeg04h\n          ]\n        },\n        {\n          program_id: one_program.aleo,\n          function_name: d,\n          arguments: [\n            aleo1ny7v7px977qdles2yl5kg8p53rjq40c2sgpazsylxx7a9g7gsuxqxeg04h\n          ]\n        },\n        aleo1ny7v7px977qdles2yl5kg8p53rjq40c2sgpazsylxx7a9g7gsuxqxeg04h\n      ]\n    },\n    {\n      program_id: one_program.aleo,\n      function_name: d,\n      arguments: [\n        aleo1ny7v7px977qdles2yl5kg8p53rjq40c2sgpazsylxx7a9g7gsuxqxeg04h\n      ]\n    },\n    {\n      program_id: zero_program.aleo,\n      function_name: c,\n      arguments: [\n        aleo1ny7v7px977qdles2yl5kg8p53rjq40c2sgpazsylxx7a9g7gsuxqxeg04h\n      ]\n    },\n    aleo1ny7v7px977qdles2yl5kg8p53rjq40c2sgpazsylxx7a9g7gsuxqxeg04h\n  ]\n}"
                tpk: 2124304722750877093993251496866990730555849262750201201206910497723806809501group
                tcm: 500709094389511967365628262009028958296702278286091200111236085007835820921field
              - id: au1l49c70372cj4wa8q2um8f3ky6u29ay4jsxxw0uujaackp5akrgyq4ejc0a
                program: four_program.aleo
                function: a
                inputs: []
                outputs:
                  - type: future
                    id: 6742879879289552870360775711240392561574592864574289606235657108061328480660field
                    value: "{\n  program_id: four_program.aleo,\n  function_name: a,\n  arguments: [\n    {\n      program_id: two_program.aleo,\n      function_name: b,\n      arguments: [\n        {\n          program_id: zero_program.aleo,\n          function_name: c,\n          arguments: [\n            aleo1ny7v7px977qdles2yl5kg8p53rjq40c2sgpazsylxx7a9g7gsuxqxeg04h\n          ]\n        },\n        {\n          program_id: one_program.aleo,\n          function_name: d,\n          arguments: [\n            aleo1ny7v7px977qdles2yl5kg8p53rjq40c2sgpazsylxx7a9g7gsuxqxeg04h\n          ]\n        },\n        aleo1ny7v7px977qdles2yl5kg8p53rjq40c2sgpazsylxx7a9g7gsuxqxeg04h\n      ]\n    },\n    {\n      program_id: three_program.aleo,\n      function_name: e,\n      arguments: [\n        {\n          program_id: two_program.aleo,\n          function_name: b,\n          arguments: [\n            {\n              program_id: zero_program.aleo,\n              function_name: c,\n              arguments: [\n                aleo1ny7v7px977qdles2yl5kg8p53rjq40c2sgpazsylxx7a9g7gsuxqxeg04h\n              ]\n            },\n            {\n              program_id: one_program.aleo,\n              function_name: d,\n              arguments: [\n                aleo1ny7v7px977qdles2yl5kg8p53rjq40c2sgpazsylxx7a9g7gsuxqxeg04h\n              ]\n            },\n            aleo1ny7v7px977qdles2yl5kg8p53rjq40c2sgpazsylxx7a9g7gsuxqxeg04h\n          ]\n        },\n        {\n          program_id: one_program.aleo,\n          function_name: d,\n          arguments: [\n            aleo1ny7v7px977qdles2yl5kg8p53rjq40c2sgpazsylxx7a9g7gsuxqxeg04h\n          ]\n        },\n        {\n          program_id: zero_program.aleo,\n          function_name: c,\n          arguments: [\n            aleo1ny7v7px977qdles2yl5kg8p53rjq40c2sgpazsylxx7a9g7gsuxqxeg04h\n          ]\n        },\n        aleo1ny7v7px977qdles2yl5kg8p53rjq40c2sgpazsylxx7a9g7gsuxqxeg04h\n      ]\n    },\n    aleo1ny7v7px977qdles2yl5kg8p53rjq40c2sgpazsylxx7a9g7gsuxqxeg04h\n  ]\n}"
                tpk: 5555242809252660949681780079179085028824692215080569462813833945488950795449group
                tcm: 7534156109192524633517185618480624045589868441878924440553779946762424416773field
            global_state_root: sr1qqqqqqqqqqqqqqqqqqqqqqqqqqqqqqqqqqqqqqqqqqqqqqqqqqqq6gk0xu
            proof: proof1qyzsqqqqqqqqqqqrqqqqqqqqqqqqxqqqqqqqqqqqqyqqqqqqqqqqqqsqqqqqqqqqqqqsqqqqqqqqqqz8djgk72qashvgkcqd8gyas40lznx258mxd0fvwz4tvsxlu9jtysqvaenx2jkl55aue2zqg0077wq2alkdy3lz9he22q4crg2m8efga6ulh2uechxe5mv89jmhd3q73t6ft88ck784570j6d7emdxgt0gq2tysv832t6plkdhd3fk3qwrfr26v88lhfvzehthd697rv292m6qhfkrhr7ud9pe8tw4cz05redtczttarjp2gmfqcjsu89xullmvxmvx0mw8kveq00yuvdd7rtg8mf7cg2uyqj2trm8rz3uq242gsxh6qqs6ha7gl0agz36deuzfhmk9eged3x594tfcgqrxf3gzklvs6lu2n8t6quflsc0zr7es8dr43zq2zq0je7hvd7erf43l2gj0tcdfn4wm894ltmkcfzfz82sy4llf7x2yv7vjp5qmw2zj557fnzqsej2ptyqq8v8ytrlmt76rhgdm42enp8xre2sm8j2350enw37d7cch28hayuftl9t8trz5h574uswzyac3hk5q6kr9uslzh3fmr64sw9nx8y803389znxfn5ypthm30mvwjal9xkhsys4uj2sad02u0hsstnv6fwqgr6dq2wh5u7t5sfm0xknpedc20zxfsvyhwhf3e3sa6j6m2gg8924hpgq6szk4l2xpam0nmy99rtyhs8hej44vchak23k30tuwdjs7xg3tmhr59vst2drhx564xwgvkx3yhe9u2m4hm90wx9ph6xm2cpy4tqqpesrzkahmu7snwlkrzwtz5x7eqth2d4qmrph5gs798x52j9eltgll8qq6s2k4cv7wg7xupgjazvncqcrhppgneh0c0xtzf9rl9cmn9xam9vecf67zvr3f5nade4x2yykpg0swemxydyhh5p6pqk9yzdf0syqyhf0ncpq6uner33vvpd8wrnzr2saxarjgvcqu4l2ap7m3e59zrvcjgafztajcxjnu0c4utfnclqr0nnq984uq5z9t0yjsglf9rvl700anh237azkftwq8kys6ju2ntxaya6l63ease2jynj0cwckx2zqvlzdzfz20l3skgj4ed44ag09yak2exa43m3yrf84lmrlhgjrcwdzq6t3r066me765csalyfxrwvup9pag28lqcyxcvx03qa6rffy4xvkqrmvms6nj3kp9kcxhylvvf50u06jxusc575afldfnhpuh4yfqqet2kykv5musct8swpwafya406pvcg6ntszdzgr5vw6mhsav2q7x8039znca0m85tf9p9fkvgpa0spy7x5tv3u8vyrtrv6y9vvkmwcft474h9656x4ezr2g3772an9qul369n4d0250u7d9rfzc2huf0qqqsap35vtehgu5u3c84mkx55qv34f5ma0acp29fn6utfxy6e2cwe0ct4a26uul43l39gll32fxj6uqzl38aw4q7jcrzl0cn6hs7svu595pfn5y58rrkkn9ghsqx2v9z5jdsdhmzva8wrk3te0sd0aseqsqphec9r5s9wyaquwrtnwnkgx7j955fusfzuyg04mvexnwxmr94zt83drxnmt064l6dlvkkhvzrv2ugpy5lzvrqhr2mdke9hcy92nmga6j6hr7qw5zjdp3fvur93748z8d593ntqa9pklqcx7g6wsz2577hsp9wdj5y6zt07atf0akwa6kgzqlrg6pt9sxfp0c5cfk53g800ufwl8z47q9zeytwl4g5xznl85us0qdmjc62ddjjmff8mwcfy5fhfw0vgayw6924vfnz6qavxru98re875nu2szcwzylaqlledemuljuqyqemacj8sfe2834nmtgg6qhszeuu6snzuj8dhk5ym5ezp7fq2rgvq5208lzavd2vcjxqpd539u2kygpnhm3y0qnj50rt8kks35p0q9nee4px9eywm0dgfhfjyrujq5xscpg570796c65e3yvqzmfztc4vgsrz9wh20uyrmm7x7z6e5xe0t0dzylsqdvtghnmsdeg3u58m4amzz8twqy47tap25e8s3s5scmj6lzqzuy3a3hm2yh5vthpf9qahrqxs2pev2fu64vkmt5hsey9gmhjvyrfjhmqpyq5es7p5lwhjnd4np6mq8zaz08v5v95mjttuzcmquwce0ja0tka8amqfs7e8pn7nf0k3495gxwy7g2c2e33mexumprq8cxjkqpfjw5472746wkx4u2kan90tlcentl6j6laxxf5f6hv5fkkjn7mks8acs7pakslqgg6kksa9yjj05qdzn5f7wp2dce6gr4wzlzgne5xgsklmvhtdecmn2mpdh2lk6psc9jxyd85v22xel2kv2spa72247wvw6e6s0mctavg0tu8vl79msxwrqj2dpeaurkwfhau3t4jvzsv9fuwhxzy2ngf86z5kx9krvewcaepyr0y2xmh3fgzhy6ash0v6atcwyr8qyjgu2ym5x5sd0mhcsv063slcuk7fjsdfcxuuwr0xl0veemcht4ntpm7ul87f3h5rkjgk7mtgqgduefk6fuhsxw6a5faf4r84mjvv6jnefl27vasuf44jyxmap4zgp8att5f3vrl2k7depl530w52tvrkgap29ltza09d8wqufxjk6xgqvdlhy36h8g3gey48w53wrflcdl5zl37kp7c43r9tq5udja85vuqszpz4hd7w7ke864zqq2qc69secxl93p89wh0wpy827vpuplzp3qj0007c92a3pycrza5ay36fc4raq0mw23hm9w5mvxf4ypx25n36sss2mmgxjafpgky4anrw27m6tnyevqa7z4yctp2tmhwdsrw6n7dyqmw7g5f3zgm6l4s3wk9cfuk0pt67qqqv43jqqskas0chagzcapzz4h0y2yc3yda06cghtzuy7t8s4a0qqqx2ceqqgtwc8ut75pvws3pt855m7k0tu8jl7j6u4ndraju4syw8s4f0ffn0tr0sau30th82aqjm6axaxavrg0wwyalrwsf2tgnfjmf96nsn20uc7cj6pyey02rzqjv3txyak2awvtrfvm55juj70qp5x0ty700uv97hzn7sp273kt5u8rqeg2uz4hsv7j8s8tjlp8k6p5fdzctsr72q7s047n9nquckm67qwvm7vtmf6x7n5uupelxwl3r34cekm4n2829dpzfz3q72vz5us5pm4xz54tq0d6l0rd94ryzqgte549mu5am6zcxzkjgjpf8nype60ppny5sk46897ergu9q5knd76mhzuzj2vq0zqt40hlk0r2ap6vtqggw0gsvsm2vu409l037guazdqc3ctzngatn8r6hs3g0yczt5ugcv94pdheym728q0h5wzh3qw70aplqwyw332rwvrvg7psx3450pkusr8xu97g6wdz7aexlxx23f7uxdcqhxe9cyp39g5gl8t49yx49tr2qzucaayrlyksa56xmt3wpp9z8k6vzdn4qqga2nqzydc0wmpulyzqctr96vw5qs4gs2ncxlpavafm3nl78uhuy86stdsdavz6l9apzuqra87maspl7jkqut33wk42zhxeuxe5vctn86xnrmzdq7ttnsc8lczlsfmcfnq3nq03pdsef4fne2kldd5fsdxrlcl3yuqykskpgyr67qnudngmwx7yuf95m2rx0z5gcmcqrzpn2lapknhttdjy8e7hqzugzqtxqm74te48z5dq8esv2yfkssyj82r8559k0syutpn3tygqz8fsu2pkdj7l8jllpcx4rerg8xesvr9c79ayputeqvctx8a9kq55pwcs58cjx35rqyr7t6a24ze87gasujxx9r5apttu47440q3qg8gfusxakp0fgx4zaz9mc0fsu0kpta3fxrws44rcy407fv5v833drentvrhu9xa6s9s7dnczumey8keggyzgyfuus5s3645pg3v5sda9ptmeq64f2mpm2cc0yp0d2hh4v6ac3yk5arlhqn424p6rr02l89kxez9q9hud7dm60lqp4d7e8y23qcaswze60yaqmmcfuvz4xu7vxkuc7jc0ay9t385knhc2km87yg7cqw647r56fd6kp4mr2kwmd06lta9qm5xrmzajl3zuya0lh28n7hd9u28e22v85ncn4ezayagvdlp6wph96zuenv4y4w5cpsgjdezpzlmysskwmvvdvpq9tcsrr4eynev7vd5ppu72d8u3yzheurm5nvwq86yvz9legmft25um4d7x5nm83kf4s84pqgvu5f36nh0ukm4y2v3k5f0z34jrw6npn57jqa9wrt8nflsa9psy7x6n38agsygrwmdr68fnqrp3j2vflajpsz93u6msa7xndcrdmsxeau5f2ajxg2g5qvtl4lw6r6hrns69vfl3zm6ze5m723lk3j9nwzt2fdgutmx4alg0qu8y3485lvkasavaa7u8nmls60s4lpqquxxtzxekl5ud6f79u3u77s3f04uvsctgj4xspkancgq4njkqmvqv0l03qplwgjr97g64etamv27arghwgwdqfu5yrkhjzgwqasgug7xv6kqqr2kf64sydg7dt9xrg06spsywnl89xhwyp5e2fm3ekjgtlcykgqym0du0t4hqf7mvf4n0t9zggvmu6zszj0nycxtrjl2twnyjuctujzwjkfrjam9sdrj9q8knedjctf0jc7ukdc040vrrp5kmh49sks97pvdd9qcvytgk7l5ze39qqmvuh4yse74jvky8m5xm8s9vfaa6e3usk7478jvpullh0rkyx04h8jg3tqey4m2vfcqhn6j0vkjvtylcfhq0z03rkywhrphzzg6s6vd4g35g2xx4t6naemkx0n84x8avdaa4x5q3455rps3dzmm7stxy5qrdnj75jr86kfjcslwsmv7q438hhtx8jzerrlpj8xpp7shp9r46tmj2g93jl5e57j6rqzh7qaugx5akeaaep6nzg669thr3ceddyzcjh7dyz6efl52t7dlexjlxg26rvt0wts63qm6szgfnc8hc8mydt2v3sfm3ndek64p7ylyegjzqxw2zhknrwtstffkp2jtz60y58xlhe5m3s0v0kz8hn7rjcgfjpc0wsu5trf8wzyp766guwp04rgpr2k6q79j7y5m897895cfrqjufzn7f8ken60sdgqvmzh49hgrgfnpjna4dkjt7taxcsft04q37wl9ytxatgwndwlfjprutq5l565s9smsfyl29fw4c3cgfx5e60mp2pwk0c25z8pa5lwtsvr4cq42sw77ktj50a7pt9y5g3znyd4tl3lj57yh6tada0dxw3dg3fqq05aj4h5yvqmc4e9k2xl3ql5vczkhfkjdjcsenyv4uurmcsygsxqqqqqqqqqqqg7fu3zesah53cm92zjjfe2n7r9xzmj3j7c49j9hhcth9jrzyyctxfegjsu9zp38afvudct8dhkrsqq8hyggw2er7ujh8pvyal86nyrlf7vvmxv20945uxakdf4yyvyyvcfk66m87f6pt2q8wt2amntd68jqqr8327uj7sfn7mvcdklk98mvgm34vwzgrt4fv0ptjp66wsw9fwkctuswue670a0anpsg3ncx6s65arapzwtps9pyv7j6anj6jy7hxh2jevvrl6n5hxg9lxdm764ac5qkszqqwwny8g
          verified: true
          status: accepted
          errors: ""
          warnings: ""
