---
namespace: Compile
expectation: Pass
outputs:
  - - compile:
        - initial_symbol_table: c9788010fc8da31e6c194f039abdc92b644ce4fa70b8e54a0cf92c489d6242f1
          type_checked_symbol_table: 6fef4a81dfcb1500dafede4ce2c00f68b73ba1054a139ac42c4172151c867c1b
          unrolled_symbol_table: 6fef4a81dfcb1500dafede4ce2c00f68b73ba1054a139ac42c4172151c867c1b
          initial_ast: 42f2b37c4ed365be1f60aed2ef9830376dcb2edfab050789b7b63b7e5e75dbbc
          unrolled_ast: 42f2b37c4ed365be1f60aed2ef9830376dcb2edfab050789b7b63b7e5e75dbbc
          ssa_ast: bdfdc3e00a555dc9e5fbaa42bbfd195e59ce08919324835b0b3922f9f20f7f12
          flattened_ast: 89b58e39475ffe0eea08e113dd18f64c7a7393466b552a3f8c13ff0b056e1f9e
          destructured_ast: 223777746d28dc732ec1c439f189723a16e1e8b154e7ccb813f386d4f981533e
          inlined_ast: 223777746d28dc732ec1c439f189723a16e1e8b154e7ccb813f386d4f981533e
          dce_ast: 223777746d28dc732ec1c439f189723a16e1e8b154e7ccb813f386d4f981533e
          bytecode: 6e4a8aeaf3eabc361bf427126c0a7f35c64030fb9c8f66e178c7c05bbede1c48
          errors: ""
          warnings: ""
