---
namespace: Compile
expectation: Pass
outputs:
  - - compile:
        - initial_symbol_table: 281d8e29f4868596e078615067805a535fd208f886bbf5916763c2185e389e3d
          type_checked_symbol_table: b59508e82dab9ef2141ecce1c42cf8054acbcb5dacf059cfe470a59cc50e5758
          unrolled_symbol_table: b59508e82dab9ef2141ecce1c42cf8054acbcb5dacf059cfe470a59cc50e5758
          initial_ast: 00ae8cc302ee7025d063eee1c9ea9b9589cb9e4b94028b931f085c44041032cb
          unrolled_ast: 00ae8cc302ee7025d063eee1c9ea9b9589cb9e4b94028b931f085c44041032cb
          ssa_ast: ca540994be2e1cb0cdf6b3473d90ed778c7c1a2070ad82183f74625d586f8eb3
          flattened_ast: 11838c4a3782a59a2e77c3306aa3475e54c1410cde6285362b271fdf4cf5fa5d
          destructured_ast: a67f729fc54ce1e2977bbe1587525830f4241a14686f4e0feda909837e8b52cb
          inlined_ast: a67f729fc54ce1e2977bbe1587525830f4241a14686f4e0feda909837e8b52cb
          dce_ast: a67f729fc54ce1e2977bbe1587525830f4241a14686f4e0feda909837e8b52cb
          bytecode: 2560848929684abb429a7de8a2ff0368fa2ea939f25ae84851be67374b652e8e
          errors: ""
          warnings: ""
