---
namespace: Compile
expectation: Pass
outputs:
  - - compile:
        - initial_symbol_table: d8f36c1f2c3775e2d587dcf3a194463d4de1600130a7a5736d40d1262b8f5ebf
          type_checked_symbol_table: 67ad8f748357fa6e76d342ce473cd7675f38a65527ff6b42ffe55bc41ed9afe9
          unrolled_symbol_table: 67ad8f748357fa6e76d342ce473cd7675f38a65527ff6b42ffe55bc41ed9afe9
          initial_ast: 726a9bcb5c98d56a65e14cd1362d48835ffcafadacdb98a5ad0bf38eb5b92aec
          unrolled_ast: 726a9bcb5c98d56a65e14cd1362d48835ffcafadacdb98a5ad0bf38eb5b92aec
          ssa_ast: 6bc87e36f16e5f3353309d2c7280f0eda43c8cecc2f28d96a29f79afa28bbe5f
          flattened_ast: b01c3a3665fd88014a5101ef271a05683ce5ab89e41b65e114063e7e1aaafbd0
          destructured_ast: 37efc9d90f347320c70a6809241651d3de45b38636db25f9b5340da850773867
          inlined_ast: 37efc9d90f347320c70a6809241651d3de45b38636db25f9b5340da850773867
          dce_ast: 37efc9d90f347320c70a6809241651d3de45b38636db25f9b5340da850773867
          bytecode: bbef5ec539b8616fe91e41c03c8ea6a71dfd3cb9731e634919bc8356e6664594
          errors: ""
          warnings: ""
