---
namespace: Compile
expectation: Pass
outputs:
  - - compile:
        - initial_symbol_table: 5b08d5177ffbf98f9783a63be40997dde6915f6d3f986c4d44dc7540a131ab5c
          type_checked_symbol_table: 73b0172cd6d1f3426316228f72155d5f7b3bdd7391cad79a9ce8e7ad69dcb1e2
          unrolled_symbol_table: 73b0172cd6d1f3426316228f72155d5f7b3bdd7391cad79a9ce8e7ad69dcb1e2
          initial_ast: 6cf15b0de9fdcf8d9de46628aeeeacbaaddc8e1452ec1aeb447e94da0a336fb1
          unrolled_ast: 6cf15b0de9fdcf8d9de46628aeeeacbaaddc8e1452ec1aeb447e94da0a336fb1
          ssa_ast: 900b75b5aa816680c3cc9133ee530df22f3d8e9a555b77e7b66f32d7243fe542
          flattened_ast: 4c56f909392df5a8ac9cb24ceae20165ecd1d30fdb1dc88aa3e4660315a6da4f
          destructured_ast: 696f4451f27a13ab77ca168643feac9cd463bf1bd047f2537251d5bb4668dc15
          inlined_ast: 696f4451f27a13ab77ca168643feac9cd463bf1bd047f2537251d5bb4668dc15
          dce_ast: 696f4451f27a13ab77ca168643feac9cd463bf1bd047f2537251d5bb4668dc15
          bytecode: 33d8ca1b78918f26980919a4a8b332fb9b375ac476b64636a387fdab715d4ed9
          errors: ""
          warnings: ""
