---
namespace: Compile
expectation: Pass
outputs:
  - - compile:
        - initial_symbol_table: 881e929086192b9af91c1ed0fe2fd65e9a5d6bd58ac0bab98c5c973a6bc47070
          type_checked_symbol_table: 601323222ea6612741fae021d0581430b3d502e14042c86f5f1ea85820512450
          unrolled_symbol_table: 601323222ea6612741fae021d0581430b3d502e14042c86f5f1ea85820512450
          initial_ast: 50d96bc477a8528b09993639f92c505b7b91eed0f634f8a982741113bd0912d1
          unrolled_ast: 50d96bc477a8528b09993639f92c505b7b91eed0f634f8a982741113bd0912d1
          ssa_ast: ab8bfadeab820ffabb413af8450b081200ecc0074e335dc9d2ce0194153ed826
          flattened_ast: 25598ac625d5475e543b524f26874bdb4c3255ceb2a12ffe96772ef1ddb077eb
          destructured_ast: 738d3b0e9066c9efab62de7008b06472f4018606bc21f1637878f886dc1fbfe0
          inlined_ast: 738d3b0e9066c9efab62de7008b06472f4018606bc21f1637878f886dc1fbfe0
          dce_ast: 738d3b0e9066c9efab62de7008b06472f4018606bc21f1637878f886dc1fbfe0
          bytecode: e9bcea998f0ff492fb57deabfcf08c4ed3f854880b595f17c9aa89181feb3764
          errors: ""
          warnings: ""
