---
namespace: Compile
expectation: Pass
outputs:
  - - compile:
        - initial_symbol_table: 0375180b55f36f3f1dbf9d77746f125df301ca7ba2e27b0af7a6843faa03fc2d
          type_checked_symbol_table: 52274294b74a96609bfee4839d0b1e922e2e390130898b8eacccabd82490a4ff
          unrolled_symbol_table: 52274294b74a96609bfee4839d0b1e922e2e390130898b8eacccabd82490a4ff
          initial_ast: 329d475959c785e4434b657951d60a67b5623a3994873f0530230155ffa35d80
          unrolled_ast: 329d475959c785e4434b657951d60a67b5623a3994873f0530230155ffa35d80
          ssa_ast: a1b7f65d63f9d63f50b4d769b48b87abcc6d20d0b69347c3b8f0cb84a7dc3ff8
          flattened_ast: b5b0350ac623337c8e950bf82816b918b5cac1584217aa99b721053fe720ba81
          destructured_ast: a55b2d9f9fa6663974244752982b20c05595b69af772527c71af30eb2aabf0c3
          inlined_ast: a55b2d9f9fa6663974244752982b20c05595b69af772527c71af30eb2aabf0c3
          dce_ast: a55b2d9f9fa6663974244752982b20c05595b69af772527c71af30eb2aabf0c3
          bytecode: 10e754c190939dcffa342c5eef2be0dcb73ef1a9b4391a99e963db6dc61bd38a
          errors: ""
          warnings: ""
