---
namespace: Compile
expectation: Pass
outputs:
  - - compile:
        - initial_symbol_table: cfdc68b6dad63fb147e463548e252a66774fac7d9402241e365525e258653a3b
          type_checked_symbol_table: 4b7a7d73b4c4a937932d4b500d5414741330c5393a1174348d3dbc0e526fb5b7
          unrolled_symbol_table: 4b7a7d73b4c4a937932d4b500d5414741330c5393a1174348d3dbc0e526fb5b7
          initial_ast: 439dc6e864f8346a6d8d8d0d663b622523a4f4073e7f618f8a3b48af57751117
          unrolled_ast: 439dc6e864f8346a6d8d8d0d663b622523a4f4073e7f618f8a3b48af57751117
          ssa_ast: 1691648d977f1ed92edd89210e0e32beac43e921e61f097c9e2d48cdcb7a1c79
          flattened_ast: dd7f9e0af0170d189f5fbf9851309261fc50e588df70bd84b2891908cb1498dc
          destructured_ast: 84d63fc5bdc9cdbb44ad8464493b4cb41620e6f600662a71bed01814c1b05e72
          inlined_ast: 4b94a98b94b15a327d9355602fc0506dea40f05ddc49198b29e34799df1c05ba
          dce_ast: 4b94a98b94b15a327d9355602fc0506dea40f05ddc49198b29e34799df1c05ba
          bytecode: 643990908e94b8c16515df0d5dcd64918c17b356ad82d652cd9d6504089c49f0
          errors: ""
          warnings: ""
