---
namespace: Compile
expectation: Pass
outputs:
  - - compile:
        - initial_symbol_table: 0ba4f6d4fc84bea9c4c28815cc004b6cbc69b8927c51780733f9224c632367c3
          type_checked_symbol_table: f06bf2fa31d4614a5c6dfb05da892545ed187bd8f68e620e34695703d4a10142
          unrolled_symbol_table: f06bf2fa31d4614a5c6dfb05da892545ed187bd8f68e620e34695703d4a10142
          initial_ast: 74cfbe339b893e71b91f9b14ef869efc1b8f5b1a515f22f610a2788858888c1a
          unrolled_ast: 74cfbe339b893e71b91f9b14ef869efc1b8f5b1a515f22f610a2788858888c1a
          ssa_ast: 1dcb86c86d2d46d2eea3d44e0df05c6bca82481fd5fd8c92549f9cf937cd199e
          flattened_ast: feabd2de10b5429de46c41e53feb9037e663cf68f06dda01e27274172508ad7e
          destructured_ast: 8dbd23d2b19d132ccf60c008ef423c4b1961114446f8f6dc822cc0dfc768d6ed
          inlined_ast: 8dbd23d2b19d132ccf60c008ef423c4b1961114446f8f6dc822cc0dfc768d6ed
          dce_ast: 8dbd23d2b19d132ccf60c008ef423c4b1961114446f8f6dc822cc0dfc768d6ed
          bytecode: b5158edfc4de30dd5ae4281ce5c6b2562ea1817bf56a6618a9382669476eb17b
          errors: ""
          warnings: ""
