---
namespace: Compile
expectation: Pass
outputs:
  - - compile:
        - initial_symbol_table: 641f5817a163ef7e00ae3e27c53876137e01634da6cc9a05a57f71dee0890db9
          type_checked_symbol_table: 23de4bfaffaef56a4a8431d6ef6bd9d84d5972dfd053b6001c9bc44556107d3f
          unrolled_symbol_table: 23de4bfaffaef56a4a8431d6ef6bd9d84d5972dfd053b6001c9bc44556107d3f
          initial_ast: 2ecdc46c95dfd4317447595490716949274d6acbd6b952886a36473c1a92ddd6
          unrolled_ast: 2ecdc46c95dfd4317447595490716949274d6acbd6b952886a36473c1a92ddd6
          ssa_ast: 752d946f7bfce55c490605e43814a6effaba2584b93dd250dfd01bb72e568720
          flattened_ast: 85066e0295243875bb6346bbd0c6d42aaef380f81efc1e02f89987ae105b2d9c
          destructured_ast: 3743f3e2779db54da6cf170e812efd14125550464d91f1c8754926056a1f341b
          inlined_ast: 3743f3e2779db54da6cf170e812efd14125550464d91f1c8754926056a1f341b
          dce_ast: e905e67ad1213dc0da5ee4f6be5ee8afaf417ad0594d43a0afdeb397e6df5898
          bytecode: c5e80399ab1edccfae4591f3c38695e9a4129b35ad2cc75238859a2e109a245f
          errors: ""
          warnings: ""
